src/app/curator/(account)/pages/page.tsx(107,13): error TS2322: Type 'string | number | null' is not assignable to type 'number | null'.
  Type 'string' is not assignable to type 'number'.
src/app/curator/(account)/pages/page.tsx(195,13): error TS2322: Type 'string | number | null' is not assignable to type 'number | null'.
  Type 'string' is not assignable to type 'number'.
src/app/patient/lock-in/page.tsx(113,53): error TS2345: Argument of type 'string | number' is not assignable to parameter of type 'number'.
  Type 'string' is not assignable to type 'number'.
src/features/curator/components/school-detail-tabs.tsx(90,27): error TS2769: No overload matches this call.
  Overload 1 of 4, '(value: string | number | Date): Date', gave the following error.
    Argument of type 'string | undefined' is not assignable to parameter of type 'string | number | Date'.
      Type 'undefined' is not assignable to type 'string | number | Date'.
  Overload 2 of 4, '(value: string | number): Date', gave the following error.
    Argument of type 'string | undefined' is not assignable to parameter of type 'string | number'.
      Type 'undefined' is not assignable to type 'string | number'.
